apiVersion: v1
kind: Namespace
metadata:
  annotations: {}
  labels:
    app.kubernetes.io/name: syn-vertical-pod-autoscaler
    name: syn-vertical-pod-autoscaler
  name: syn-vertical-pod-autoscaler
