apiVersion: v1
kind: ServiceAccount
metadata:
  annotations: {}
  labels:
    name: vpa-admission-controller
  name: vpa-admission-controller
