apiVersion: rbac.authorization.k8s.io/v1
kind: ClusterRole
metadata:
  annotations: {}
  labels:
    name: system-vpa-admission-controller
  name: system:vpa-admission-controller
rules:
  - apiGroups:
      - ''
    resources:
      - pods
      - configmaps
      - nodes
      - limitranges
    verbs:
      - get
      - list
      - watch
  - apiGroups:
      - admissionregistration.k8s.io
    resources:
      - mutatingwebhookconfigurations
    verbs:
      - get
      - list
      - create
      - delete
  - apiGroups:
      - poc.autoscaling.k8s.io
    resources:
      - verticalpodautoscalers
    verbs:
      - get
      - list
      - watch
  - apiGroups:
      - autoscaling.k8s.io
    resources:
      - verticalpodautoscalers
    verbs:
      - get
      - list
      - watch
  - apiGroups:
      - coordination.k8s.io
    resources:
      - leases
    verbs:
      - get
      - list
      - watch
      - create
      - update
