apiVersion: rbac.authorization.k8s.io/v1
kind: ClusterRoleBinding
metadata:
  annotations: {}
  labels:
    name: system-vpa-admission-controller
  name: system:vpa-admission-controller
roleRef:
  apiGroup: rbac.authorization.k8s.io
  kind: ClusterRole
  name: system:vpa-admission-controller
subjects:
  - kind: ServiceAccount
    name: vpa-admission-controller
    namespace: syn-vertical-pod-autoscaler
