apiVersion: cert-manager.io/v1
kind: Certificate
metadata:
  name: vpa-admission-controller
spec:
  dnsNames:
    - vpa-admission-controller.syn-vertical-pod-autoscaler.svc
  issuerRef:
    group: cert-manager.io
    kind: Issuer
    name: vpa-admission-controller
  secretName: vpa-tls-certs
