apiVersion: apps/v1
kind: Deployment
metadata:
  annotations: {}
  labels:
    name: vpa-recommender
  name: vpa-recommender
spec:
  minReadySeconds: 30
  replicas: 1
  revisionHistoryLimit: 10
  selector:
    matchLabels:
      name: vpa-recommender
  strategy:
    rollingUpdate:
      maxSurge: 25%
      maxUnavailable: 25%
    type: RollingUpdate
  template:
    metadata:
      annotations: {}
      labels:
        name: vpa-recommender
    spec:
      containers:
        - args: []
          env: []
          image: k8s.gcr.io/autoscaling/vpa-recommender:0.11.0
          imagePullPolicy: IfNotPresent
          name: vpa-recommender
          ports:
            - containerPort: 8942
              name: prometheus
          resources:
            limits:
              cpu: 200m
              memory: 1000Mi
            requests:
              cpu: 50m
              memory: 500Mi
          stdin: false
          tty: false
          volumeMounts: []
      imagePullSecrets: []
      initContainers: []
      serviceAccountName: vpa-recommender
      terminationGracePeriodSeconds: 30
      volumes: []
