apiVersion: v1
kind: ServiceAccount
metadata:
  annotations: {}
  labels:
    name: vpa-recommender
  name: vpa-recommender
