apiVersion: rbac.authorization.k8s.io/v1
kind: ClusterRole
metadata:
  annotations: {}
  labels:
    name: system-metrics-reader
  name: system:metrics-reader
rules:
  - apiGroups:
      - metrics.k8s.io
    resources:
      - pods
    verbs:
      - get
      - list
---
apiVersion: rbac.authorization.k8s.io/v1
kind: ClusterRole
metadata:
  annotations: {}
  labels:
    name: system-vpa-actor
  name: system:vpa-actor
rules:
  - apiGroups:
      - ''
    resources:
      - pods
      - nodes
      - limitranges
    verbs:
      - get
      - list
      - watch
  - apiGroups:
      - ''
    resources:
      - events
    verbs:
      - get
      - list
      - watch
      - create
  - apiGroups:
      - poc.autoscaling.k8s.io
    resources:
      - verticalpodautoscalers
    verbs:
      - get
      - list
      - watch
      - patch
  - apiGroups:
      - autoscaling.k8s.io
    resources:
      - verticalpodautoscalers
    verbs:
      - get
      - list
      - watch
      - patch
---
apiVersion: rbac.authorization.k8s.io/v1
kind: ClusterRole
metadata:
  annotations: {}
  labels:
    name: system-vpa-checkpoint-actor
  name: system:vpa-checkpoint-actor
rules:
  - apiGroups:
      - poc.autoscaling.k8s.io
    resources:
      - verticalpodautoscalercheckpoints
    verbs:
      - get
      - list
      - watch
      - create
      - patch
      - delete
  - apiGroups:
      - autoscaling.k8s.io
    resources:
      - verticalpodautoscalercheckpoints
    verbs:
      - get
      - list
      - watch
      - create
      - patch
      - delete
  - apiGroups:
      - ''
    resources:
      - namespaces
    verbs:
      - get
      - list
---
apiVersion: rbac.authorization.k8s.io/v1
kind: ClusterRole
metadata:
  annotations: {}
  labels:
    name: system-vpa-target-reader
  name: system:vpa-target-reader
rules:
  - apiGroups:
      - '*'
    resources:
      - '*/scale'
    verbs:
      - get
      - watch
  - apiGroups:
      - ''
    resources:
      - replicationcontrollers
    verbs:
      - get
      - list
      - watch
  - apiGroups:
      - apps
    resources:
      - daemonsets
      - deployments
      - replicasets
      - statefulsets
    verbs:
      - get
      - list
      - watch
  - apiGroups:
      - batch
    resources:
      - jobs
      - cronjobs
    verbs:
      - get
      - list
      - watch
