apiVersion: rbac.authorization.k8s.io/v1
kind: ClusterRoleBinding
metadata:
  annotations: {}
  labels:
    name: system-vpa-actor
  name: system:vpa-actor
roleRef:
  apiGroup: rbac.authorization.k8s.io
  kind: ClusterRole
  name: system:vpa-actor
subjects:
  - kind: ServiceAccount
    name: vpa-recommender
    namespace: syn-vertical-pod-autoscaler
  - kind: ServiceAccount
    name: vpa-updater
    namespace: syn-vertical-pod-autoscaler
