apiVersion: rbac.authorization.k8s.io/v1
kind: ClusterRoleBinding
metadata:
  annotations: {}
  labels:
    name: system-vpa-evictioner
  name: system:vpa-evictioner
roleRef:
  apiGroup: rbac.authorization.k8s.io
  kind: ClusterRole
  name: system:vpa-evictioner
subjects:
  - kind: ServiceAccount
    name: vpa-updater
    namespace: syn-vertical-pod-autoscaler
