apiVersion: rbac.authorization.k8s.io/v1
kind: ClusterRole
metadata:
  name: system:vpa-updater-in-place
rules:
- apiGroups:
  - ""
  resources:
  - pods/resize
  - pods
  verbs:
  - patch
