apiVersion: rbac.authorization.k8s.io/v1
kind: Role
metadata:
  name: system:leader-locking-vpa-recommender
  namespace: syn-vertical-pod-autoscaler
rules:
- apiGroups:
  - coordination.k8s.io
  resources:
  - leases
  verbs:
  - create
- apiGroups:
  - coordination.k8s.io
  resourceNames:
  - vpa-recommender
  - vpa-recommender-lease
  resources:
  - leases
  verbs:
  - get
  - watch
  - update
