apiVersion: rbac.authorization.k8s.io/v1
kind: ClusterRole
metadata:
  name: system:vpa-actor
rules:
- apiGroups:
  - ""
  resources:
  - pods
  - nodes
  - limitranges
  verbs:
  - get
  - list
  - watch
- apiGroups:
  - ""
  - events.k8s.io
  resources:
  - events
  verbs:
  - create
  - get
  - list
  - watch
  - patch
  - update
- apiGroups:
  - poc.autoscaling.k8s.io
  resources:
  - verticalpodautoscalers
  verbs:
  - get
  - list
  - watch
- apiGroups:
  - autoscaling.k8s.io
  resources:
  - verticalpodautoscalers
  verbs:
  - get
  - list
  - watch
