apiVersion: v1
kind: ServiceAccount
metadata:
  name: vpa-recommender
  namespace: syn-vertical-pod-autoscaler
