apiVersion: rbac.authorization.k8s.io/v1
kind: ClusterRoleBinding
metadata:
  name: system:vpa-target-reader-binding
roleRef:
  apiGroup: rbac.authorization.k8s.io
  kind: ClusterRole
  name: system:vpa-target-reader
subjects:
- kind: ServiceAccount
  name: vpa-recommender
  namespace: syn-vertical-pod-autoscaler
- kind: ServiceAccount
  name: vpa-admission-controller
  namespace: syn-vertical-pod-autoscaler
- kind: ServiceAccount
  name: vpa-updater
  namespace: syn-vertical-pod-autoscaler
