apiVersion: rbac.authorization.k8s.io/v1
kind: RoleBinding
metadata:
  name: system:leader-locking-vpa-recommender
  namespace: syn-vertical-pod-autoscaler
roleRef:
  apiGroup: rbac.authorization.k8s.io
  kind: Role
  name: system:leader-locking-vpa-recommender
subjects:
- kind: ServiceAccount
  name: vpa-recommender
  namespace: syn-vertical-pod-autoscaler
