apiVersion: rbac.authorization.k8s.io/v1
kind: ClusterRoleBinding
metadata:
  name: system:vpa-updater-in-place-binding
roleRef:
  apiGroup: rbac.authorization.k8s.io
  kind: ClusterRole
  name: system:vpa-updater-in-place
subjects:
- kind: ServiceAccount
  name: vpa-updater
  namespace: syn-vertical-pod-autoscaler
