apiVersion: v1
kind: ServiceAccount
metadata:
  name: vpa-updater
  namespace: syn-vertical-pod-autoscaler
