apiVersion: v1
kind: ServiceAccount
metadata:
  name: vpa-admission-controller
  namespace: syn-vertical-pod-autoscaler
