apiVersion: rbac.authorization.k8s.io/v1
kind: ClusterRole
metadata:
  annotations: {}
  labels:
    name: system-metrics-reader
  name: system:metrics-reader
rules:
  - apiGroups:
      - metrics.k8s.io
    resources:
      - pods
    verbs:
      - get
      - list
---
apiVersion: rbac.authorization.k8s.io/v1
kind: ClusterRole
metadata:
  annotations: {}
  labels:
    name: system-vpa-actor
  name: system:vpa-actor
rules:
  - apiGroups:
      - ''
    resources:
      - pods
      - nodes
      - limitranges
    verbs:
      - get
      - list
      - watch
  - apiGroups:
      - ''
    resources:
      - events
    verbs:
      - get
      - list
      - watch
      - create
  - apiGroups:
      - poc.autoscaling.k8s.io
    resources:
      - verticalpodautoscalers
    verbs:
      - get
      - list
      - watch
      - patch
  - apiGroups:
      - autoscaling.k8s.io
    resources:
      - verticalpodautoscalers
    verbs:
      - get
      - list
      - watch
      - patch
---
apiVersion: rbac.authorization.k8s.io/v1
kind: ClusterRole
metadata:
  annotations: {}
  labels:
    name: system-vpa-checkpoint-actor
  name: system:vpa-checkpoint-actor
rules:
  - apiGroups:
      - poc.autoscaling.k8s.io
    resources:
      - verticalpodautoscalercheckpoints
    verbs:
      - get
      - list
      - watch
      - create
      - patch
      - delete
  - apiGroups:
      - autoscaling.k8s.io
    resources:
      - verticalpodautoscalercheckpoints
    verbs:
      - get
      - list
      - watch
      - create
      - patch
      - delete
  - apiGroups:
      - ''
    resources:
      - namespaces
    verbs:
      - get
      - list
---
apiVersion: rbac.authorization.k8s.io/v1
kind: ClusterRole
metadata:
  annotations: {}
  labels:
    name: system-vpa-target-reader
  name: system:vpa-target-reader
rules:
  - apiGroups:
      - '*'
    resources:
      - '*/scale'
    verbs:
      - get
      - watch
  - apiGroups:
      - ''
    resources:
      - replicationcontrollers
    verbs:
      - get
      - list
      - watch
  - apiGroups:
      - apps
    resources:
      - daemonsets
      - deployments
      - replicasets
      - statefulsets
    verbs:
      - get
      - list
      - watch
  - apiGroups:
      - batch
    resources:
      - jobs
      - cronjobs
    verbs:
      - get
      - list
      - watch
---
apiVersion: rbac.authorization.k8s.io/v1
kind: ClusterRole
metadata:
  annotations: {}
  labels:
    name: system-vpa-evictioner
  name: system:vpa-evictioner
rules:
  - apiGroups:
      - apps
      - extensions
    resources:
      - replicasets
    verbs:
      - get
  - apiGroups:
      - ''
    resources:
      - pods/eviction
    verbs:
      - create
---
apiVersion: rbac.authorization.k8s.io/v1
kind: ClusterRole
metadata:
  annotations: {}
  labels:
    name: system-vpa-status-reader
  name: system:vpa-status-reader
rules:
  - apiGroups:
      - coordination.k8s.io
    resources:
      - leases
    verbs:
      - get
      - list
      - watch
---
apiVersion: rbac.authorization.k8s.io/v1
kind: ClusterRole
metadata:
  annotations: {}
  labels:
    name: system-vpa-admission-controller
  name: system:vpa-admission-controller
rules:
  - apiGroups:
      - ''
    resources:
      - pods
      - configmaps
      - nodes
      - limitranges
    verbs:
      - get
      - list
      - watch
  - apiGroups:
      - admissionregistration.k8s.io
    resources:
      - mutatingwebhookconfigurations
    verbs:
      - get
      - list
      - create
      - delete
  - apiGroups:
      - poc.autoscaling.k8s.io
    resources:
      - verticalpodautoscalers
    verbs:
      - get
      - list
      - watch
  - apiGroups:
      - autoscaling.k8s.io
    resources:
      - verticalpodautoscalers
    verbs:
      - get
      - list
      - watch
  - apiGroups:
      - coordination.k8s.io
    resources:
      - leases
    verbs:
      - get
      - list
      - watch
      - create
      - update
