apiVersion: rbac.authorization.k8s.io/v1
kind: ClusterRoleBinding
metadata:
  annotations: {}
  labels:
    name: system-metrics-reader
  name: system:metrics-reader
roleRef:
  apiGroup: rbac.authorization.k8s.io
  kind: ClusterRole
  name: system:metrics-reader
subjects:
  - kind: ServiceAccount
    name: vpa-recommender
    namespace: syn-vertical-pod-autoscaler
---
apiVersion: rbac.authorization.k8s.io/v1
kind: ClusterRoleBinding
metadata:
  annotations: {}
  labels:
    name: system-vpa-actor
  name: system:vpa-actor
roleRef:
  apiGroup: rbac.authorization.k8s.io
  kind: ClusterRole
  name: system:vpa-actor
subjects:
  - kind: ServiceAccount
    name: vpa-recommender
    namespace: syn-vertical-pod-autoscaler
  - kind: ServiceAccount
    name: vpa-updater
    namespace: syn-vertical-pod-autoscaler
---
apiVersion: rbac.authorization.k8s.io/v1
kind: ClusterRoleBinding
metadata:
  annotations: {}
  labels:
    name: system-vpa-checkpoint-actor
  name: system:vpa-checkpoint-actor
roleRef:
  apiGroup: rbac.authorization.k8s.io
  kind: ClusterRole
  name: system:vpa-checkpoint-actor
subjects:
  - kind: ServiceAccount
    name: vpa-recommender
    namespace: syn-vertical-pod-autoscaler
---
apiVersion: rbac.authorization.k8s.io/v1
kind: ClusterRoleBinding
metadata:
  annotations: {}
  labels:
    name: system-vpa-target-reader
  name: system:vpa-target-reader
roleRef:
  apiGroup: rbac.authorization.k8s.io
  kind: ClusterRole
  name: system:vpa-target-reader
subjects:
  - kind: ServiceAccount
    name: vpa-recommender
    namespace: syn-vertical-pod-autoscaler
  - kind: ServiceAccount
    name: vpa-updater
    namespace: syn-vertical-pod-autoscaler
  - kind: ServiceAccount
    name: vpa-admission-controller
    namespace: syn-vertical-pod-autoscaler
---
apiVersion: rbac.authorization.k8s.io/v1
kind: ClusterRoleBinding
metadata:
  annotations: {}
  labels:
    name: system-vpa-evictioner
  name: system:vpa-evictioner
roleRef:
  apiGroup: rbac.authorization.k8s.io
  kind: ClusterRole
  name: system:vpa-evictioner
subjects:
  - kind: ServiceAccount
    name: vpa-updater
    namespace: syn-vertical-pod-autoscaler
---
apiVersion: rbac.authorization.k8s.io/v1
kind: ClusterRoleBinding
metadata:
  annotations: {}
  labels:
    name: system-vpa-status-reader
  name: system:vpa-status-reader
roleRef:
  apiGroup: rbac.authorization.k8s.io
  kind: ClusterRole
  name: system:vpa-status-reader
subjects:
  - kind: ServiceAccount
    name: vpa-updater
    namespace: syn-vertical-pod-autoscaler
---
apiVersion: rbac.authorization.k8s.io/v1
kind: ClusterRoleBinding
metadata:
  annotations: {}
  labels:
    name: system-vpa-admission-controller
  name: system:vpa-admission-controller
roleRef:
  apiGroup: rbac.authorization.k8s.io
  kind: ClusterRole
  name: system:vpa-admission-controller
subjects:
  - kind: ServiceAccount
    name: vpa-admission-controller
    namespace: syn-vertical-pod-autoscaler
