apiVersion: autoscaling.k8s.io/v1
kind: VerticalPodAutoscaler
metadata:
  name: backend
  namespace: my-namespace
spec:
  targetRef:
    apiVersion: apps/v1
    kind: StatefulSet
    name: backend
  updatePolicy:
    updateMode: 'Off'
---
apiVersion: autoscaling.k8s.io/v1
kind: VerticalPodAutoscaler
metadata:
  name: frontend
  namespace: my-namespace
spec:
  targetRef:
    apiVersion: apps/v1
    kind: Deployment
    name: frontend
  updatePolicy:
    updateMode: 'Off'
---
apiVersion: autoscaling.k8s.io/v1
kind: VerticalPodAutoscaler
metadata:
  name: database
  namespace: my-other-namespace
spec:
  resourcePolicy:
    containerPolicies:
      - containerName: '*'
        controlledResources:
          - cpu
          - memory
        maxAllowed:
          cpu: 1
          memory: 500Mi
        minAllowed:
          cpu: 100m
          memory: 50Mi
  targetRef:
    apiVersion: apps/v1
    kind: StatefulSet
    name: database
  updatePolicy:
    updateMode: Auto
